Using pre-set license
Built from '2020.3/staging' branch; Version is '2020.3.0f1 (c7b5465681fb) revision 13088070'; Using compiler version '192528614'; Build Type 'Release'
OS: 'Windows 10 Pro; OS build 19045.6466; Version 2009; 64bit' Language: 'en' Physical Memory: 4027 MB
BatchMode: 1, IsHumanControllingUs: 0, StartBugReporterOnCrash: 0, Is64bit: 1, IsPro: 0

 COMMAND LINE ARGUMENTS:
C:\Program Files\Unity\Hub\Editor\2020.3.0f1\Editor\Unity.exe
-adb2
-batchMode
-noUpm
-name
AssetImportWorker7
-projectPath
G:/Personal Projects/Horror Game/FAITH
-logFile
Logs/AssetImportWorker7.log
-srvPort
50061
Successfully changed project path to: G:/Personal Projects/Horror Game/FAITH
G:/Personal Projects/Horror Game/FAITH
Using Asset Import Pipeline V2.
